Microchip MPLAB XC8 Compiler V1.33 ()

Linker command line:

--edf=C:\Program Files (x86)\Microchip\xc8\v1.33\dat\en_msgs.txt -cs \
  -h+dist/default/production\ADXL345_I2C.X.production.sym \
  --cmf=dist/default/production\ADXL345_I2C.X.production.cmf -z -Q18F2550 \
  -oC:\Users\Jedrzej\AppData\Local\Temp\s2uc.6 \
  -Mdist/default/production/ADXL345_I2C.X.production.map -E1 -ver=XC8 \
  -ASTACK=0D7h-07ffh -pstack=STACK -ACODE=00h-07FFFh -ACONST=00h-07FFFh \
  -ASMALLCONST=0800h-08FFhx120 -AMEDIUMCONST=0800h-07FFFh -ACOMRAM=01h-05Fh \
  -AABS1=00h-07FFh -ABIGRAM=01h-07FFh -ARAM=060h-0FFh,0100h-01FFhx7 \
  -ABANK0=060h-0FFh -ABANK1=0100h-01FFh -ABANK2=0200h-02FFh \
  -ABANK3=0300h-03FFh -ABANK4=0400h-04FFh -ABANK5=0500h-05FFh \
  -ABANK6=0600h-06FFh -ABANK7=0700h-07FFh -ASFR=0F60h-0FFFh \
  -preset_vec=00h,intcode,intcodelo,powerup,init,end_init -pramtop=0800h \
  -psmallconst=SMALLCONST -pmediumconst=MEDIUMCONST -pconst=CONST \
  -AFARRAM=00h-00h -ACONFIG=0300000h-030000Dh -pconfig=CONFIG \
  -AIDLOC=0200000h-0200007h -pidloc=IDLOC -AEEDATA=0F00000h-0F000FFh \
  -peeprom_data=EEDATA \
  -prdata=COMRAM,nvrram=COMRAM,nvbit=COMRAM,rbss=COMRAM,rbit=COMRAM \
  -pfarbss=FARRAM,fardata=FARRAM,nvFARRAM=FARRAM \
  -pintsave_regs=BIGRAM,bigbss=BIGRAM,bigdata=BIGRAM -pbss=RAM \
  -pidata=CODE,irdata=CODE,ibigdata=CODE,ifardata=CODE \
  C:\Users\Jedrzej\AppData\Local\Temp\s2uc.obj \
  dist/default/production\ADXL345_I2C.X.production.obj 

Object code version is 3.11

Machine type is 18F2550

Call graph: (short form)




                Name                               Link     Load   Length Selector   Space Scale
C:\Users\Jedrzej\AppData\Local\Temp\s2uc.obj
                end_init                              0        0        4        0       0
                idloc                            200000   200000        8   200000       0
                config                           300000   300000        E   300000       0
dist/default/production\ADXL345_I2C.X.production.obj
                smallconst                          800      800       98      400       0
                text35                             28EA     28EA       28      44C       0
                text34                             299C     299C       10      44C       0
                text33                             2660     2660       64      44C       0
                text32                             2720     2720       4A      44C       0
                text31                             285E     285E       34      44C       0
                text30                             2892     2892       2E      44C       0
                text29                             1FAE     1FAE       C6      44C       0
                text28                             2828     2828       36      44C       0
                text27                             1BEE     1BEE      108      44C       0
                text26                             1AE4     1AE4      10A      44C       0
                text25                             2074     2074       AC      44C       0
                text24                             297E     297E       1E      44C       0
                text23                             2120     2120       A8      44C       0
                text22                             276A     276A       48      44C       0
                text21                             24E8     24E8       90      44C       0
                text20                             2938     2938       26      44C       0
                text19                             16B8     16B8      1AC      44C       0
                text18                             27F2     27F2       36      44C       0
                text17                             1EDA     1EDA       D4      44C       0
                text16                             2578     2578       82      44C       0
                text15                             25FA     25FA       66      44C       0
                text14                             26C4     26C4       5C      44C       0
                text13                             19AE     19AE      136      44C       0
                text12                             1CF6     1CF6      100      44C       0
                text11                             23B4     23B4       A4      44C       0
                text10                             2458     2458       90      44C       0
                text9                              1DF6     1DF6       E4      44C       0
                text8                              2912     2912       26      44C       0
                text7                              147E     147E      23A      44C       0
                text6                              295E     295E       20      44C       0
                text5                              10B0     10B0      3CE      44C       0
                text4                               898      898      818      44C       0
                text3                              2310     2310       A4      44C       0
                text2                              226C     226C       A4      44C       0
                text1                              21C8     21C8       A4      44C       0
                text0                              1864     1864      14A      44C       0
                cstackCOMRAM                          1        1       5F        1       1
                cstackBANK0                          A0       A0       37       60       1
                dataBANK0                            60       60       40       60       1
                cinit                              28C0     28C0       2A      44C       0
                idataBANK0                         27B2     27B2       40      44C       0

TOTAL           Name                               Link     Load   Length     Space
        CLASS   STACK          

        CLASS   CODE           
                end_init                              0        0        4         0
                text35                             28EA     28EA       28         0
                text34                             299C     299C       10         0
                text33                             2660     2660       64         0
                text32                             2720     2720       4A         0
                text31                             285E     285E       34         0
                text30                             2892     2892       2E         0
                text29                             1FAE     1FAE       C6         0
                text28                             2828     2828       36         0
                text27                             1BEE     1BEE      108         0
                text26                             1AE4     1AE4      10A         0
                text25                             2074     2074       AC         0
                text24                             297E     297E       1E         0
                text23                             2120     2120       A8         0
                text22                             276A     276A       48         0
                text21                             24E8     24E8       90         0
                text20                             2938     2938       26         0
                text19                             16B8     16B8      1AC         0
                text18                             27F2     27F2       36         0
                text17                             1EDA     1EDA       D4         0
                text16                             2578     2578       82         0
                text15                             25FA     25FA       66         0
                text14                             26C4     26C4       5C         0
                text13                             19AE     19AE      136         0
                text12                             1CF6     1CF6      100         0
                text11                             23B4     23B4       A4         0
                text10                             2458     2458       90         0
                text9                              1DF6     1DF6       E4         0
                text8                              2912     2912       26         0
                text7                              147E     147E      23A         0
                text6                              295E     295E       20         0
                text5                              10B0     10B0      3CE         0
                text4                               898      898      818         0
                text3                              2310     2310       A4         0
                text2                              226C     226C       A4         0
                text1                              21C8     21C8       A4         0
                text0                              1864     1864      14A         0
                cinit                              28C0     28C0       2A         0
                idataBANK0                         27B2     27B2       40         0

        CLASS   CONST          

        CLASS   SMALLCONST     
                smallconst                          800      800       98         0

        CLASS   MEDIUMCONST    

        CLASS   COMRAM         
                cstackCOMRAM                          1        1       5F         1

        CLASS   ABS1           

        CLASS   BIGRAM         

        CLASS   RAM            

        CLASS   BANK0          
                cstackBANK0                          A0       A0       37         1
                dataBANK0                            60       60       40         1

        CLASS   BANK1          

        CLASS   BANK2          

        CLASS   BANK3          

        CLASS   BANK4          

        CLASS   BANK5          

        CLASS   BANK6          

        CLASS   BANK7          

        CLASS   SFR            

        CLASS   FARRAM         

        CLASS   CONFIG         
                config                           300000   300000        E         0

        CLASS   IDLOC          
                idloc                            200000   200000        8         0

        CLASS   EEDATA         



SEGMENTS        Name                           Load    Length   Top    Selector   Space  Class

                reset_vec                      000000  000004  000004         0       0  CODE    
                cstackCOMRAM                   000001  00005F  000060         1       1  COMRAM  
                dataBANK0                      000060  000077  0000D7        60       1  BANK0   
                smallconst                     000800  000098  000898       400       0  SMALLCON
                text4                          000898  002114  0029AC       44C       0  CODE    
                idloc                          200000  000008  200008    200000       0  IDLOC   
                config                         300000  00000E  30000E    300000       0  CONFIG  


UNUSED ADDRESS RANGES

        Name                Unused          Largest block    Delta
        BANK0            0000D7-0000FF               29
        BANK1            000100-0001FF              100
        BANK2            000200-0002FF              100
        BANK3            000300-0003FF              100
        BANK4            000400-0004FF              100
        BANK5            000500-0005FF              100
        BANK6            000600-0006FF              100
        BANK7            000700-0007FF              100
        BIGRAM           0000D7-0007FF              729
        CODE             000004-0007FF              7FC
                         0029AC-007FFF             5654
        CONST            000004-0007FF              7FC
                         0029AC-007FFF             5654
        EEDATA           F00000-F000FF              100
        MEDIUMCONST      0029AC-007FFF             5654
        RAM              0000D7-0007FF              100
        SFR              000F60-000FFF               A0
        SMALLCONST       0029AC-007FFF              100
        STACK            0000D7-0007FF              729

                                  Symbol Table

?___awdiv                cstackCOMRAM 000007
?___awmod                cstackCOMRAM 000001
?___awtoft               cstackCOMRAM 000009
?___ftadd                cstackCOMRAM 00002E
?___ftmul                cstackCOMRAM 000015
?___ftneg                cstackCOMRAM 000001
?___ftpack               cstackCOMRAM 000001
?___ftsub                cstackCOMRAM 00003A
?___fttol                cstackCOMRAM 00002B
?___lldiv                cstackCOMRAM 000001
?___llmod                cstackCOMRAM 000001
?___lltoft               cstackCOMRAM 000009
?___wmul                 cstackCOMRAM 00000F
?__div_to_l_             cstackCOMRAM 000001
?__tdiv_to_l_            cstackCOMRAM 000001
?_fround                 cstackCOMRAM 000024
?_getX                   cstackCOMRAM 00004D
?_getY                   cstackCOMRAM 00004D
?_getZ                   cstackCOMRAM 00004D
?_scale                  cstackCOMRAM 000024
?_sprintf                cstackCOMRAM 000040
Init_adxl345@data_rate   cstackCOMRAM 00000D
Init_adxl345@range       cstackCOMRAM 00000C
Init_adxl345@x_offset    cstackCOMRAM 00000F
Init_adxl345@y_offset    cstackCOMRAM 00000A
Init_adxl345@z_offset    cstackCOMRAM 00000B
LcdCmd@command           cstackCOMRAM 000003
LcdData@data             cstackCOMRAM 000003
LcdText@i                cstackCOMRAM 000058
LcdText@text             cstackCOMRAM 000052
LcdText@x                cstackCOMRAM 000057
LcdText@y                cstackCOMRAM 000051
OpenI2C@slew             cstackCOMRAM 000001
OpenI2C@sync_mode        cstackCOMRAM 000002
WriteI2C@data_out        cstackCOMRAM 000003
_IdleI2C                 text34       00299C
_Init_adxl345            text29       001FAE
_Init_lcd                text28       002828
_LATBbits                (abs)        000F8A
_LcdCmd                  text27       001BEE
_LcdData                 text26       001AE4
_LcdText                 text25       002074
_OpenI2C                 text24       00297E
_PIR1bits                (abs)        000F9E
_ReadI2C                 text35       0028EA
_SSPADD                  (abs)        000FC8
_SSPBUF                  (abs)        000FC9
_SSPCON1                 (abs)        000FC6
_SSPCON1bits             (abs)        000FC6
_SSPCON2                 (abs)        000FC5
_SSPCON2bits             (abs)        000FC5
_SSPSTAT                 (abs)        000FC7
_SSPSTATbits             (abs)        000FC7
_TRISBbits               (abs)        000F93
_WriteI2C                text33       002660
__CFG_BOR$OFF            (abs)        000000
__CFG_CPUDIV$OSC1_PLL2   (abs)        000000
__CFG_FOSC$HSPLL_HS      (abs)        000000
__CFG_LVP$OFF            (abs)        000000
__CFG_MCLRE$ON           (abs)        000000
__CFG_PBADEN$OFF         (abs)        000000
__CFG_PLLDIV$5           (abs)        000000
__CFG_PWRT$ON            (abs)        000000
__CFG_USBDIV$2           (abs)        000000
__CFG_VREGEN$ON          (abs)        000000
__CFG_WDT$OFF            (abs)        000000
__HRAM                   (abs)        000000
__Habs1                  abs1         000000
__Hbank0                 bank0        000000
__Hbank1                 bank1        000000
__Hbank2                 bank2        000000
__Hbank3                 bank3        000000
__Hbank4                 bank4        000000
__Hbank5                 bank5        000000
__Hbank6                 bank6        000000
__Hbank7                 bank7        000000
__Hbigbss                bigbss       000000
__Hbigdata               bigdata      000000
__Hbigram                bigram       000000
__Hbss                   bss          000000
__Hcinit                 cinit        000000
__Hclrtext               clrtext      000000
__Hcomram                comram       000000
__Hconfig                config       30000E
__Hconst                 const        000000
__HcstackBANK0           cstackBANK0  000000
__HcstackCOMRAM          cstackCOMRAM 000000
__Hdata                  data         000000
__HdataBANK0             dataBANK0    000000
__Heeprom_data           eeprom_data  000000
__Hend_init              end_init     000004
__Hfarbss                farbss       000000
__Hfardata               fardata      000000
__Hibigdata              ibigdata     000000
__Hidata                 idata        000000
__HidataBANK0            idataBANK0   000000
__Hidloc                 idloc        200008
__Hifardata              ifardata     000000
__Hinit                  init         000000
__Hintcode               intcode      000000
__Hintcode_body          intcode_body 000000
__Hintcodelo             intcodelo    000000
__Hintentry              intentry     000000
__Hintret                intret       000000
__Hintsave_regs          intsave_regs 000000
__Hirdata                irdata       000000
__Hmediumconst           mediumconst  000000
__HnvFARRAM              nvFARRAM     000000
__Hnvbit                 nvbit        000000
__Hnvrram                nvrram       000000
__Hparam                 rparam       000000
__Hpowerup               powerup      000000
__Hram                   ram          000000
__Hramtop                ramtop       000800
__Hrbit                  rbit         000000
__Hrbss                  rbss         000000
__Hrdata                 rdata        000000
__Hreset_vec             reset_vec    000000
__Hrparam                rparam       000000
__Hsfr                   sfr          000000
__Hsmallconst            smallconst   000898
__Hspace_0               (abs)        30000E
__Hspace_1               (abs)        0000D7
__Hspace_2               (abs)        000000
__Hstack                 stack        000000
__Hstruct                struct       000000
__Htemp                  temp         000000
__Htext                  text         000000
__Htext0                 text0        000000
__Htext1                 text1        000000
__Htext10                text10       000000
__Htext11                text11       000000
__Htext12                text12       000000
__Htext13                text13       000000
__Htext14                text14       000000
__Htext15                text15       000000
__Htext16                text16       000000
__Htext17                text17       000000
__Htext18                text18       000000
__Htext19                text19       000000
__Htext2                 text2        000000
__Htext20                text20       000000
__Htext21                text21       000000
__Htext22                text22       000000
__Htext23                text23       000000
__Htext24                text24       000000
__Htext25                text25       000000
__Htext26                text26       000000
__Htext27                text27       000000
__Htext28                text28       000000
__Htext29                text29       000000
__Htext3                 text3        000000
__Htext30                text30       000000
__Htext31                text31       000000
__Htext32                text32       000000
__Htext33                text33       000000
__Htext34                text34       000000
__Htext35                text35       000000
__Htext4                 text4        000000
__Htext5                 text5        000000
__Htext6                 text6        000000
__Htext7                 text7        000000
__Htext8                 text8        000000
__Htext9                 text9        000000
__LRAM                   (abs)        000001
__Labs1                  abs1         000000
__Lbank0                 bank0        000000
__Lbank1                 bank1        000000
__Lbank2                 bank2        000000
__Lbank3                 bank3        000000
__Lbank4                 bank4        000000
__Lbank5                 bank5        000000
__Lbank6                 bank6        000000
__Lbank7                 bank7        000000
__Lbigbss                bigbss       000000
__Lbigdata               bigdata      000000
__Lbigram                bigram       000000
__Lbss                   bss          000000
__Lcinit                 cinit        000000
__Lclrtext               clrtext      000000
__Lcomram                comram       000000
__Lconfig                config       300000
__Lconst                 const        000000
__LcstackBANK0           cstackBANK0  000000
__LcstackCOMRAM          cstackCOMRAM 000000
__Ldata                  data         000000
__LdataBANK0             dataBANK0    000000
__Leeprom_data           eeprom_data  000000
__Lend_init              end_init     000000
__Lfarbss                farbss       000000
__Lfardata               fardata      000000
__Libigdata              ibigdata     000000
__Lidata                 idata        000000
__LidataBANK0            idataBANK0   000000
__Lidloc                 idloc        200000
__Lifardata              ifardata     000000
__Linit                  init         000000
__Lintcode               intcode      000000
__Lintcode_body          intcode_body 000000
__Lintcodelo             intcodelo    000000
__Lintentry              intentry     000000
__Lintret                intret       000000
__Lintsave_regs          intsave_regs 000000
__Lirdata                irdata       000000
__Lmediumconst           mediumconst  000000
__LnvFARRAM              nvFARRAM     000000
__Lnvbit                 nvbit        000000
__Lnvrram                nvrram       000000
__Lparam                 rparam       000000
__Lpowerup               powerup      000000
__Lram                   ram          000000
__Lramtop                ramtop       000800
__Lrbit                  rbit         000000
__Lrbss                  rbss         000000
__Lrdata                 rdata        000000
__Lreset_vec             reset_vec    000000
__Lrparam                rparam       000000
__Lsfr                   sfr          000000
__Lsmallconst            smallconst   000800
__Lspace_0               (abs)        000000
__Lspace_1               (abs)        000000
__Lspace_2               (abs)        000000
__Lstack                 stack        000000
__Lstruct                struct       000000
__Ltemp                  temp         000000
__Ltext                  text         000000
__Ltext0                 text0        000000
__Ltext1                 text1        000000
__Ltext10                text10       000000
__Ltext11                text11       000000
__Ltext12                text12       000000
__Ltext13                text13       000000
__Ltext14                text14       000000
__Ltext15                text15       000000
__Ltext16                text16       000000
__Ltext17                text17       000000
__Ltext18                text18       000000
__Ltext19                text19       000000
__Ltext2                 text2        000000
__Ltext20                text20       000000
__Ltext21                text21       000000
__Ltext22                text22       000000
__Ltext23                text23       000000
__Ltext24                text24       000000
__Ltext25                text25       000000
__Ltext26                text26       000000
__Ltext27                text27       000000
__Ltext28                text28       000000
__Ltext29                text29       000000
__Ltext3                 text3        000000
__Ltext30                text30       000000
__Ltext31                text31       000000
__Ltext32                text32       000000
__Ltext33                text33       000000
__Ltext34                text34       000000
__Ltext35                text35       000000
__Ltext4                 text4        000000
__Ltext5                 text5        000000
__Ltext6                 text6        000000
__Ltext7                 text7        000000
__Ltext8                 text8        000000
__Ltext9                 text9        000000
__S0                     (abs)        30000E
__S1                     (abs)        0000D7
__S2                     (abs)        000000
___awdiv                 text11       0023B4
___awdiv@counter         cstackCOMRAM 00000B
___awdiv@dividend        cstackCOMRAM 000007
___awdiv@divisor         cstackCOMRAM 000009
___awdiv@quotient        cstackCOMRAM 00000D
___awdiv@sign            cstackCOMRAM 00000C
___awmod                 text10       002458
___awmod@counter         cstackCOMRAM 000005
___awmod@dividend        cstackCOMRAM 000001
___awmod@divisor         cstackCOMRAM 000003
___awmod@sign            cstackCOMRAM 000006
___awtoft                text22       00276A
___awtoft@c              cstackCOMRAM 000009
___awtoft@sign           cstackCOMRAM 00000C
___ftadd                 text19       0016B8
___ftadd@exp1            cstackCOMRAM 000039
___ftadd@exp2            cstackCOMRAM 000038
___ftadd@f1              cstackCOMRAM 00002E
___ftadd@f2              cstackCOMRAM 000031
___ftadd@sign            cstackCOMRAM 000037
___ftge                  text21       0024E8
___ftge@ff1              cstackCOMRAM 000001
___ftge@ff2              cstackCOMRAM 000004
___ftmul                 text9        001DF6
___ftmul@cntr            cstackCOMRAM 000022
___ftmul@exp             cstackCOMRAM 00001E
___ftmul@f1              cstackCOMRAM 000015
___ftmul@f2              cstackCOMRAM 000018
___ftmul@f3_as_product   cstackCOMRAM 00001F
___ftmul@sign            cstackCOMRAM 000023
___ftneg                 text20       002938
___ftneg@f1              cstackCOMRAM 000001
___ftpack                text23       002120
___ftpack@arg            cstackCOMRAM 000001
___ftpack@exp            cstackCOMRAM 000004
___ftpack@sign           cstackCOMRAM 000005
___ftsub                 text18       0027F2
___ftsub@f1              cstackCOMRAM 00003A
___ftsub@f2              cstackCOMRAM 00003D
___fttol                 text17       001EDA
___fttol@exp1            cstackCOMRAM 000039
___fttol@f1              cstackCOMRAM 00002B
___fttol@lval            cstackCOMRAM 000035
___fttol@sign1           cstackCOMRAM 000034
___inthi_sp              stack        000000
___intlo_sp              stack        000000
___lldiv                 text16       002578
___lldiv@counter         cstackCOMRAM 00000D
___lldiv@dividend        cstackCOMRAM 000001
___lldiv@divisor         cstackCOMRAM 000005
___lldiv@quotient        cstackCOMRAM 000009
___llmod                 text15       0025FA
___llmod@counter         cstackCOMRAM 000009
___llmod@dividend        cstackCOMRAM 000001
___llmod@divisor         cstackCOMRAM 000005
___lltoft                text14       0026C4
___lltoft@c              cstackCOMRAM 000009
___lltoft@exp            cstackCOMRAM 000011
___sp                    stack        000000
___wmul                  text8        002912
___wmul@multiplicand     cstackCOMRAM 000011
___wmul@multiplier       cstackCOMRAM 00000F
___wmul@product          cstackCOMRAM 000013
__accesstop              (abs)        000060
__activetblptr           (abs)        000002
__div_to_l_              text13       0019AE
__div_to_l_@cntr         cstackCOMRAM 00000F
__div_to_l_@exp1         cstackCOMRAM 000010
__div_to_l_@f1           cstackCOMRAM 000001
__div_to_l_@f2           cstackCOMRAM 000004
__div_to_l_@quot         cstackCOMRAM 00000B
__end_of_IdleI2C         text34       0029AC
__end_of_Init_adxl345    text29       002074
__end_of_Init_lcd        text28       00285E
__end_of_LcdCmd          text27       001CF6
__end_of_LcdData         text26       001BEE
__end_of_LcdText         text25       002120
__end_of_OpenI2C         text24       00299C
__end_of_ReadI2C         text35       002912
__end_of_WriteI2C        text33       0026C4
__end_of___awdiv         text11       002458
__end_of___awmod         text10       0024E8
__end_of___awtoft        text22       0027B2
__end_of___ftadd         text19       001864
__end_of___ftge          text21       002578
__end_of___ftmul         text9        001EDA
__end_of___ftneg         text20       00295E
__end_of___ftpack        text23       0021C8
__end_of___ftsub         text18       002828
__end_of___fttol         text17       001FAE
__end_of___lldiv         text16       0025FA
__end_of___llmod         text15       002660
__end_of___lltoft        text14       002720
__end_of___wmul          text8        002938
__end_of__div_to_l_      text13       001AE4
__end_of__initialization cinit        0028E0
__end_of__npowers_       smallconst   000850
__end_of__powers_        smallconst   000877
__end_of__stringdata     smallconst   000896
__end_of__tdiv_to_l_     text12       001DF6
__end_of_adxl345Read     text32       00276A
__end_of_adxl345Write    text31       002892
__end_of_dpowers         smallconst   000829
__end_of_fround          text7        0016B8
__end_of_getX            text3        0023B4
__end_of_getY            text2        002310
__end_of_getZ            text1        00226C
__end_of_isdigit         text6        00297E
__end_of_main            text0        0019AE
__end_of_scale           text5        00147E
__end_of_setRange        text30       0028C0
__end_of_sprintf         text4        0010B0
__initialization         cinit        0028C0
__mediumconst            mediumconst  000000
__npowers_               smallconst   000829
__pcinit                 cinit        0028C0
__pcstackBANK0           cstackBANK0  0000A0
__pcstackCOMRAM          cstackCOMRAM 000001
__pdataBANK0             dataBANK0    000060
__pidataBANK0            idataBANK0   0027B2
__powers_                smallconst   000850
__psmallconst            smallconst   000800
__ptext0                 text0        001864
__ptext1                 text1        0021C8
__ptext10                text10       002458
__ptext11                text11       0023B4
__ptext12                text12       001CF6
__ptext13                text13       0019AE
__ptext14                text14       0026C4
__ptext15                text15       0025FA
__ptext16                text16       002578
__ptext17                text17       001EDA
__ptext18                text18       0027F2
__ptext19                text19       0016B8
__ptext2                 text2        00226C
__ptext20                text20       002938
__ptext21                text21       0024E8
__ptext22                text22       00276A
__ptext23                text23       002120
__ptext24                text24       00297E
__ptext25                text25       002074
__ptext26                text26       001AE4
__ptext27                text27       001BEE
__ptext28                text28       002828
__ptext29                text29       001FAE
__ptext3                 text3        002310
__ptext30                text30       002892
__ptext31                text31       00285E
__ptext32                text32       002720
__ptext33                text33       002660
__ptext34                text34       00299C
__ptext35                text35       0028EA
__ptext4                 text4        000898
__ptext5                 text5        0010B0
__ptext6                 text6        00295E
__ptext7                 text7        00147E
__ptext8                 text8        002912
__ptext9                 text9        001DF6
__ramtop                 ramtop       000800
__size_of_IdleI2C        (abs)        000000
__size_of_Init_adxl345   (abs)        000000
__size_of_Init_lcd       (abs)        000000
__size_of_LcdCmd         (abs)        000000
__size_of_LcdData        (abs)        000000
__size_of_LcdText        (abs)        000000
__size_of_OpenI2C        (abs)        000000
__size_of_ReadI2C        (abs)        000000
__size_of_WriteI2C       (abs)        000000
__size_of___awdiv        (abs)        000000
__size_of___awmod        (abs)        000000
__size_of___awtoft       (abs)        000000
__size_of___ftadd        (abs)        000000
__size_of___ftge         (abs)        000000
__size_of___ftmul        (abs)        000000
__size_of___ftneg        (abs)        000000
__size_of___ftpack       (abs)        000000
__size_of___ftsub        (abs)        000000
__size_of___fttol        (abs)        000000
__size_of___lldiv        (abs)        000000
__size_of___llmod        (abs)        000000
__size_of___lltoft       (abs)        000000
__size_of___wmul         (abs)        000000
__size_of__div_to_l_     (abs)        000000
__size_of__tdiv_to_l_    (abs)        000000
__size_of_adxl345Read    (abs)        000000
__size_of_adxl345Write   (abs)        000000
__size_of_fround         (abs)        000000
__size_of_getX           (abs)        000000
__size_of_getY           (abs)        000000
__size_of_getZ           (abs)        000000
__size_of_isdigit        (abs)        000000
__size_of_main           (abs)        000000
__size_of_scale          (abs)        000000
__size_of_setRange       (abs)        000000
__size_of_sprintf        (abs)        000000
__smallconst             smallconst   000800
__stringdata             smallconst   000877
__tdiv_to_l_             text12       001CF6
__tdiv_to_l_@cntr        cstackCOMRAM 00000E
__tdiv_to_l_@exp1        cstackCOMRAM 00000F
__tdiv_to_l_@f1          cstackCOMRAM 000001
__tdiv_to_l_@f2          cstackCOMRAM 000004
__tdiv_to_l_@quot        cstackCOMRAM 00000A
_adxl345Read             text32       002720
_adxl345Write            text31       00285E
_dpowers                 smallconst   000801
_fround                  text7        00147E
_fround$1419             cstackCOMRAM 00002A
_fround$1420             cstackCOMRAM 000027
_getX                    text3        002310
_getY                    text2        00226C
_getZ                    text1        0021C8
_isdigit                 text6        00295E
_isdigit$1166            cstackCOMRAM 000002
_main                    text0        001864
_scale                   text5        0010B0
_scale$1421              cstackCOMRAM 000027
_setRange                text30       002892
_sprintf                 text4        000898
_sprintf$1422            cstackBANK0  0000A0
_sprintf$371             cstackBANK0  0000A3
adxl345Read@add          cstackCOMRAM 000004
adxl345Read@retval       cstackCOMRAM 000006
adxl345Write@add         cstackCOMRAM 000004
adxl345Write@data        cstackCOMRAM 000006
end_of_initialization    cinit        0028E0
fround@prec              cstackCOMRAM 00002D
getX@X                   cstackBANK0  0000D0
getX@data                cstackBANK0  0000D2
getX@x                   cstackBANK0  0000C3
getX@xf                  cstackBANK0  0000CD
getY@Y                   cstackBANK0  0000D0
getY@data                cstackBANK0  0000D2
getY@y                   cstackBANK0  0000C3
getY@yf                  cstackBANK0  0000CD
getZ@Z                   cstackBANK0  0000D0
getZ@data                cstackBANK0  0000D2
getZ@z                   cstackBANK0  0000C3
getZ@zf                  cstackBANK0  0000CD
intlevel0                text         000000
intlevel1                text         000000
intlevel2                text         000000
intlevel3                text         000000
isdigit@c                cstackCOMRAM 000003
main@i                   cstackBANK0  0000D4
main@i_311               cstackBANK0  0000D6
scale@scl                cstackCOMRAM 00002A
setRange@format          cstackCOMRAM 000009
setRange@range           cstackCOMRAM 000008
sprintf@_val             cstackBANK0  0000B6
sprintf@ap               cstackBANK0  0000A7
sprintf@c                cstackBANK0  0000C2
sprintf@exp              cstackBANK0  0000BB
sprintf@f                cstackCOMRAM 000042
sprintf@flag             cstackBANK0  0000B1
sprintf@fval             cstackBANK0  0000BF
sprintf@integ            cstackBANK0  0000B3
sprintf@prec             cstackBANK0  0000BD
sprintf@sp               cstackCOMRAM 000040
sprintf@vd               cstackBANK0  0000A9
sprintf@vd_373           cstackBANK0  0000AD
stackhi                  (abs)        0007FF
stacklo                  (abs)        0000D7
start                    init         000000
start_initialization     cinit        0028C0
znaki_pl_i_stopien@F5124 dataBANK0    000060
znaki_pl_i_stopien@F5126 dataBANK0    000068
znaki_pl_i_stopien@F5128 dataBANK0    000070
znaki_pl_i_stopien@F5130 dataBANK0    000078
znaki_pl_i_stopien@F5132 dataBANK0    000080
znaki_pl_i_stopien@F5134 dataBANK0    000088
znaki_pl_i_stopien@F5136 dataBANK0    000090
znaki_pl_i_stopien@F5138 dataBANK0    000098


FUNCTION INFORMATION:

 *************** function _main *****************
 Defined at:
		line 11 in file "main.c"
 Parameters:    Size  Location     Type
  argc            2   89[COMRAM] int 
  argv            3   91[COMRAM] PTR PTR unsigned char 
 Auto vars:     Size  Location     Type
  i               1   54[BANK0 ] unsigned char 
  i               2   52[BANK0 ] int 
 Return value:  Size  Location     Type
                  2   89[COMRAM] int 
 Registers used:
		wreg, fsr1l, fsr1h, fsr2l, fsr2h, status,2, status,0, tblptrl, tblptrh, tblptru, prodl, prodh, cstack
 Tracked objects:
		On entry : 
		On exit  : 
		Unchanged: 
 Data sizes:     COMRAM   BANK0   BANK1   BANK2   BANK3   BANK4   BANK5   BANK6   BANK7
      Params:         5       0       0       0       0       0       0       0       0
      Locals:         0       3       0       0       0       0       0       0       0
      Temps:          1       0       0       0       0       0       0       0       0
      Totals:         6       3       0       0       0       0       0       0       0
Total ram usage:        9 bytes
 Hardware stack levels required when called:    5
 This function calls:
		_Init_adxl345
		_Init_lcd
		_LcdCmd
		_LcdText
		_OpenI2C
		_getX
		_getY
		_getZ
 This function is called by:
		Startup code after reset
 This function uses a non-reentrant model


 *************** function _getZ *****************
 Defined at:
		line 143 in file "adxl345_i2c.h"
 Parameters:    Size  Location     Type
		None
 Auto vars:     Size  Location     Type
  z              10   35[BANK0 ] unsigned char [10]
  zf              3   45[BANK0 ] float 
  data            2   50[BANK0 ] unsigned char [2]
  Z               2   48[BANK0 ] int 
 Return value:  Size  Location     Type
                  2   76[COMRAM] PTR const unsigned char 
 Registers used:
		wreg, fsr2l, fsr2h, status,2, status,0, tblptrl, tblptrh, tblptru, prodl, prodh, cstack
 Tracked objects:
		On entry : 
		On exit  : 
		Unchanged: 
 Data sizes:     COMRAM   BANK0   BANK1   BANK2   BANK3   BANK4   BANK5   BANK6   BANK7
      Params:         2       0       0       0       0       0       0       0       0
      Locals:         0      17       0       0       0       0       0       0       0
      Temps:          2       0       0       0       0       0       0       0       0
      Totals:         4      17       0       0       0       0       0       0       0
Total ram usage:       21 bytes
 Hardware stack levels used:    1
 Hardware stack levels required when called:    4
 This function calls:
		___awtoft
		___ftmul
		_adxl345Read
		_sprintf
 This function is called by:
		_main
 This function uses a non-reentrant model


 *************** function _getY *****************
 Defined at:
		line 125 in file "adxl345_i2c.h"
 Parameters:    Size  Location     Type
		None
 Auto vars:     Size  Location     Type
  y              10   35[BANK0 ] unsigned char [10]
  yf              3   45[BANK0 ] float 
  data            2   50[BANK0 ] unsigned char [2]
  Y               2   48[BANK0 ] int 
 Return value:  Size  Location     Type
                  2   76[COMRAM] PTR const unsigned char 
 Registers used:
		wreg, fsr2l, fsr2h, status,2, status,0, tblptrl, tblptrh, tblptru, prodl, prodh, cstack
 Tracked objects:
		On entry : 
		On exit  : 
		Unchanged: 
 Data sizes:     COMRAM   BANK0   BANK1   BANK2   BANK3   BANK4   BANK5   BANK6   BANK7
      Params:         2       0       0       0       0       0       0       0       0
      Locals:         0      17       0       0       0       0       0       0       0
      Temps:          2       0       0       0       0       0       0       0       0
      Totals:         4      17       0       0       0       0       0       0       0
Total ram usage:       21 bytes
 Hardware stack levels used:    1
 Hardware stack levels required when called:    4
 This function calls:
		___awtoft
		___ftmul
		_adxl345Read
		_sprintf
 This function is called by:
		_main
 This function uses a non-reentrant model


 *************** function _getX *****************
 Defined at:
		line 107 in file "adxl345_i2c.h"
 Parameters:    Size  Location     Type
		None
 Auto vars:     Size  Location     Type
  x              10   35[BANK0 ] unsigned char [10]
  xf              3   45[BANK0 ] float 
  data            2   50[BANK0 ] unsigned char [2]
  X               2   48[BANK0 ] int 
 Return value:  Size  Location     Type
                  2   76[COMRAM] PTR const unsigned char 
 Registers used:
		wreg, fsr2l, fsr2h, status,2, status,0, tblptrl, tblptrh, tblptru, prodl, prodh, cstack
 Tracked objects:
		On entry : 
		On exit  : 
		Unchanged: 
 Data sizes:     COMRAM   BANK0   BANK1   BANK2   BANK3   BANK4   BANK5   BANK6   BANK7
      Params:         2       0       0       0       0       0       0       0       0
      Locals:         0      17       0       0       0       0       0       0       0
      Temps:          2       0       0       0       0       0       0       0       0
      Totals:         4      17       0       0       0       0       0       0       0
Total ram usage:       21 bytes
 Hardware stack levels used:    1
 Hardware stack levels required when called:    4
 This function calls:
		___awtoft
		___ftmul
		_adxl345Read
		_sprintf
 This function is called by:
		_main
 This function uses a non-reentrant model


 *************** function _sprintf *****************
 Defined at:
		line 492 in file "C:\Program Files (x86)\Microchip\xc8\v1.33\sources\common\doprnt.c"
 Parameters:    Size  Location     Type
  sp              2   63[COMRAM] PTR unsigned char 
		 -> getZ@z(10), getY@y(10), getX@x(10), 
  f               2   65[COMRAM] PTR const unsigned char 
		 -> STR_3(5), STR_2(5), STR_1(5), 
 Auto vars:     Size  Location     Type
  vd              4    9[BANK0 ] unsigned long 
  vd              4   13[BANK0 ] unsigned long 
  _val            5   22[BANK0 ] struct .
  fval            3   31[BANK0 ] struct .
  integ           3   19[BANK0 ] struct .
  ival            3    0        struct .
  prec            2   29[BANK0 ] int 
  exp             2   27[BANK0 ] int 
  flag            2   17[BANK0 ] unsigned short 
  ap              2    7[BANK0 ] PTR void [1]
		 -> ?_sprintf(2), 
  width           2    0        int 
  c               1   34[BANK0 ] char 
  d               1    0        unsigned char 
 Return value:  Size  Location     Type
                  2   63[COMRAM] int 
 Registers used:
		wreg, fsr2l, fsr2h, status,2, status,0, tblptrl, tblptrh, tblptru, prodl, prodh, cstack
 Tracked objects:
		On entry : 
		On exit  : 
		Unchanged: 
 Data sizes:     COMRAM   BANK0   BANK1   BANK2   BANK3   BANK4   BANK5   BANK6   BANK7
      Params:         7       0       0       0       0       0       0       0       0
      Locals:         0      35       0       0       0       0       0       0       0
      Temps:          6       0       0       0       0       0       0       0       0
      Totals:        13      35       0       0       0       0       0       0       0
Total ram usage:       48 bytes
 Hardware stack levels used:    1
 Hardware stack levels required when called:    3
 This function calls:
		___awdiv
		___ftadd
		___ftge
		___ftmul
		___ftneg
		___ftsub
		___fttol
		___lldiv
		___llmod
		___lltoft
		___wmul
		__div_to_l_
		__tdiv_to_l_
		_fround
		_isdigit
		_scale
 This function is called by:
		_getX
		_getY
		_getZ
 This function uses a non-reentrant model


 *************** function _scale *****************
 Defined at:
		line 425 in file "C:\Program Files (x86)\Microchip\xc8\v1.33\sources\common\doprnt.c"
 Parameters:    Size  Location     Type
  scl             1    wreg     char 
 Auto vars:     Size  Location     Type
  scl             1   41[COMRAM] char 
 Return value:  Size  Location     Type
                  3   35[COMRAM] char 
 Registers used:
		wreg, status,2, status,0, tblptrl, tblptrh, tblptru, prodl, prodh, cstack
 Tracked objects:
		On entry : 
		On exit  : 
		Unchanged: 
 Data sizes:     COMRAM   BANK0   BANK1   BANK2   BANK3   BANK4   BANK5   BANK6   BANK7
      Params:         3       0       0       0       0       0       0       0       0
      Locals:         4       0       0       0       0       0       0       0       0
      Temps:          0       0       0       0       0       0       0       0       0
      Totals:         7       0       0       0       0       0       0       0       0
Total ram usage:        7 bytes
 Hardware stack levels used:    1
 Hardware stack levels required when called:    2
 This function calls:
		___awdiv
		___awmod
		___ftmul
		___wmul
 This function is called by:
		_sprintf
 This function uses a non-reentrant model


 *************** function _isdigit *****************
 Defined at:
		line 8 in file "C:\Program Files (x86)\Microchip\xc8\v1.33\sources\common\isdigit.c"
 Parameters:    Size  Location     Type
  c               1    wreg     unsigned char 
 Auto vars:     Size  Location     Type
  c               1    2[COMRAM] unsigned char 
 Return value:  Size  Location     Type
		None               void
 Registers used:
		wreg, status,2, status,0
 Tracked objects:
		On entry : 
		On exit  : 
		Unchanged: 
 Data sizes:     COMRAM   BANK0   BANK1   BANK2   BANK3   BANK4   BANK5   BANK6   BANK7
      Params:         0       0       0       0       0       0       0       0       0
      Locals:         2       0       0       0       0       0       0       0       0
      Temps:          1       0       0       0       0       0       0       0       0
      Totals:         3       0       0       0       0       0       0       0       0
Total ram usage:        3 bytes
 Hardware stack levels used:    1
 This function calls:
		Nothing
 This function is called by:
		_sprintf
 This function uses a non-reentrant model


 *************** function _fround *****************
 Defined at:
		line 409 in file "C:\Program Files (x86)\Microchip\xc8\v1.33\sources\common\doprnt.c"
 Parameters:    Size  Location     Type
  prec            1    wreg     unsigned char 
 Auto vars:     Size  Location     Type
  prec            1   44[COMRAM] unsigned char 
 Return value:  Size  Location     Type
                  3   35[COMRAM] unsigned char 
 Registers used:
		wreg, status,2, status,0, tblptrl, tblptrh, tblptru, prodl, prodh, cstack
 Tracked objects:
		On entry : 
		On exit  : 
		Unchanged: 
 Data sizes:     COMRAM   BANK0   BANK1   BANK2   BANK3   BANK4   BANK5   BANK6   BANK7
      Params:         3       0       0       0       0       0       0       0       0
      Locals:         7       0       0       0       0       0       0       0       0
      Temps:          0       0       0       0       0       0       0       0       0
      Totals:        10       0       0       0       0       0       0       0       0
Total ram usage:       10 bytes
 Hardware stack levels used:    1
 Hardware stack levels required when called:    2
 This function calls:
		___awdiv
		___awmod
		___ftmul
		___wmul
 This function is called by:
		_sprintf
 This function uses a non-reentrant model


 *************** function ___wmul *****************
 Defined at:
		line 15 in file "C:\Program Files (x86)\Microchip\xc8\v1.33\sources\common\Umul16.c"
 Parameters:    Size  Location     Type
  multiplier      2   14[COMRAM] unsigned int 
  multiplicand    2   16[COMRAM] unsigned int 
 Auto vars:     Size  Location     Type
  product         2   18[COMRAM] unsigned int 
 Return value:  Size  Location     Type
                  2   14[COMRAM] unsigned int 
 Registers used:
		wreg, status,2, status,0, prodl, prodh
 Tracked objects:
		On entry : 
		On exit  : 
		Unchanged: 
 Data sizes:     COMRAM   BANK0   BANK1   BANK2   BANK3   BANK4   BANK5   BANK6   BANK7
      Params:         4       0       0       0       0       0       0       0       0
      Locals:         2       0       0       0       0       0       0       0       0
      Temps:          0       0       0       0       0       0       0       0       0
      Totals:         6       0       0       0       0       0       0       0       0
Total ram usage:        6 bytes
 Hardware stack levels used:    1
 This function calls:
		Nothing
 This function is called by:
		_fround
		_scale
		_sprintf
 This function uses a non-reentrant model


 *************** function ___ftmul *****************
 Defined at:
		line 62 in file "C:\Program Files (x86)\Microchip\xc8\v1.33\sources\common\ftmul.c"
 Parameters:    Size  Location     Type
  f1              3   20[COMRAM] float 
  f2              3   23[COMRAM] float 
 Auto vars:     Size  Location     Type
  f3_as_produc    3   30[COMRAM] unsigned um
  sign            1   34[COMRAM] unsigned char 
  cntr            1   33[COMRAM] unsigned char 
  exp             1   29[COMRAM] unsigned char 
 Return value:  Size  Location     Type
                  3   20[COMRAM] float 
 Registers used:
		wreg, status,2, status,0, cstack
 Tracked objects:
		On entry : 
		On exit  : 
		Unchanged: 
 Data sizes:     COMRAM   BANK0   BANK1   BANK2   BANK3   BANK4   BANK5   BANK6   BANK7
      Params:         6       0       0       0       0       0       0       0       0
      Locals:         6       0       0       0       0       0       0       0       0
      Temps:          3       0       0       0       0       0       0       0       0
      Totals:        15       0       0       0       0       0       0       0       0
Total ram usage:       15 bytes
 Hardware stack levels used:    1
 Hardware stack levels required when called:    1
 This function calls:
		___ftpack
 This function is called by:
		_getX
		_getY
		_getZ
		_fround
		_scale
		_sprintf
 This function uses a non-reentrant model


 *************** function ___awmod *****************
 Defined at:
		line 8 in file "C:\Program Files (x86)\Microchip\xc8\v1.33\sources\common\awmod.c"
 Parameters:    Size  Location     Type
  dividend        2    0[COMRAM] int 
  divisor         2    2[COMRAM] int 
 Auto vars:     Size  Location     Type
  sign            1    5[COMRAM] unsigned char 
  counter         1    4[COMRAM] unsigned char 
 Return value:  Size  Location     Type
                  2    0[COMRAM] int 
 Registers used:
		wreg, status,2, status,0, prodl
 Tracked objects:
		On entry : 
		On exit  : 
		Unchanged: 
 Data sizes:     COMRAM   BANK0   BANK1   BANK2   BANK3   BANK4   BANK5   BANK6   BANK7
      Params:         4       0       0       0       0       0       0       0       0
      Locals:         2       0       0       0       0       0       0       0       0
      Temps:          0       0       0       0       0       0       0       0       0
      Totals:         6       0       0       0       0       0       0       0       0
Total ram usage:        6 bytes
 Hardware stack levels used:    1
 This function calls:
		Nothing
 This function is called by:
		_fround
		_scale
 This function uses a non-reentrant model


 *************** function ___awdiv *****************
 Defined at:
		line 8 in file "C:\Program Files (x86)\Microchip\xc8\v1.33\sources\common\awdiv.c"
 Parameters:    Size  Location     Type
  dividend        2    6[COMRAM] int 
  divisor         2    8[COMRAM] int 
 Auto vars:     Size  Location     Type
  quotient        2   12[COMRAM] int 
  sign            1   11[COMRAM] unsigned char 
  counter         1   10[COMRAM] unsigned char 
 Return value:  Size  Location     Type
                  2    6[COMRAM] int 
 Registers used:
		wreg, status,2, status,0, prodl
 Tracked objects:
		On entry : 
		On exit  : 
		Unchanged: 
 Data sizes:     COMRAM   BANK0   BANK1   BANK2   BANK3   BANK4   BANK5   BANK6   BANK7
      Params:         4       0       0       0       0       0       0       0       0
      Locals:         4       0       0       0       0       0       0       0       0
      Temps:          0       0       0       0       0       0       0       0       0
      Totals:         8       0       0       0       0       0       0       0       0
Total ram usage:        8 bytes
 Hardware stack levels used:    1
 This function calls:
		Nothing
 This function is called by:
		_fround
		_scale
		_sprintf
 This function uses a non-reentrant model


 *************** function __tdiv_to_l_ *****************
 Defined at:
		line 60 in file "C:\Program Files (x86)\Microchip\xc8\v1.33\sources\common\ftdivl.c"
 Parameters:    Size  Location     Type
  f1              3    0[COMRAM] float 
  f2              3    3[COMRAM] float 
 Auto vars:     Size  Location     Type
  quot            4    9[COMRAM] unsigned long 
  exp1            1   14[COMRAM] unsigned char 
  cntr            1   13[COMRAM] unsigned char 
 Return value:  Size  Location     Type
                  4    0[COMRAM] unsigned long 
 Registers used:
		wreg, status,2, status,0
 Tracked objects:
		On entry : 
		On exit  : 
		Unchanged: 
 Data sizes:     COMRAM   BANK0   BANK1   BANK2   BANK3   BANK4   BANK5   BANK6   BANK7
      Params:         6       0       0       0       0       0       0       0       0
      Locals:         6       0       0       0       0       0       0       0       0
      Temps:          3       0       0       0       0       0       0       0       0
      Totals:        15       0       0       0       0       0       0       0       0
Total ram usage:       15 bytes
 Hardware stack levels used:    1
 This function calls:
		Nothing
 This function is called by:
		_sprintf
 This function uses a non-reentrant model


 *************** function __div_to_l_ *****************
 Defined at:
		line 60 in file "C:\Program Files (x86)\Microchip\xc8\v1.33\sources\common\fldivl.c"
 Parameters:    Size  Location     Type
  f1              3    0[COMRAM] unsigned long 
  f2              3    3[COMRAM] unsigned long 
 Auto vars:     Size  Location     Type
  quot            4   10[COMRAM] unsigned long 
  exp1            1   15[COMRAM] unsigned char 
  cntr            1   14[COMRAM] unsigned char 
 Return value:  Size  Location     Type
                  4    0[COMRAM] unsigned long 
 Registers used:
		wreg, status,2, status,0
 Tracked objects:
		On entry : 
		On exit  : 
		Unchanged: 
 Data sizes:     COMRAM   BANK0   BANK1   BANK2   BANK3   BANK4   BANK5   BANK6   BANK7
      Params:         6       0       0       0       0       0       0       0       0
      Locals:         6       0       0       0       0       0       0       0       0
      Temps:          4       0       0       0       0       0       0       0       0
      Totals:        16       0       0       0       0       0       0       0       0
Total ram usage:       16 bytes
 Hardware stack levels used:    1
 This function calls:
		Nothing
 This function is called by:
		_sprintf
 This function uses a non-reentrant model


 *************** function ___lltoft *****************
 Defined at:
		line 35 in file "C:\Program Files (x86)\Microchip\xc8\v1.33\sources\common\lltoft.c"
 Parameters:    Size  Location     Type
  c               4    8[COMRAM] unsigned long 
 Auto vars:     Size  Location     Type
  exp             1   16[COMRAM] unsigned char 
 Return value:  Size  Location     Type
                  3    8[COMRAM] float 
 Registers used:
		wreg, status,2, status,0, cstack
 Tracked objects:
		On entry : 
		On exit  : 
		Unchanged: 
 Data sizes:     COMRAM   BANK0   BANK1   BANK2   BANK3   BANK4   BANK5   BANK6   BANK7
      Params:         4       0       0       0       0       0       0       0       0
      Locals:         1       0       0       0       0       0       0       0       0
      Temps:          4       0       0       0       0       0       0       0       0
      Totals:         9       0       0       0       0       0       0       0       0
Total ram usage:        9 bytes
 Hardware stack levels used:    1
 Hardware stack levels required when called:    1
 This function calls:
		___ftpack
 This function is called by:
		_sprintf
 This function uses a non-reentrant model


 *************** function ___llmod *****************
 Defined at:
		line 8 in file "C:\Program Files (x86)\Microchip\xc8\v1.33\sources\common\llmod.c"
 Parameters:    Size  Location     Type
  dividend        4    0[COMRAM] unsigned long 
  divisor         4    4[COMRAM] unsigned long 
 Auto vars:     Size  Location     Type
  counter         1    8[COMRAM] unsigned char 
 Return value:  Size  Location     Type
                  4    0[COMRAM] unsigned long 
 Registers used:
		wreg, status,2, status,0
 Tracked objects:
		On entry : 
		On exit  : 
		Unchanged: 
 Data sizes:     COMRAM   BANK0   BANK1   BANK2   BANK3   BANK4   BANK5   BANK6   BANK7
      Params:         8       0       0       0       0       0       0       0       0
      Locals:         1       0       0       0       0       0       0       0       0
      Temps:          0       0       0       0       0       0       0       0       0
      Totals:         9       0       0       0       0       0       0       0       0
Total ram usage:        9 bytes
 Hardware stack levels used:    1
 This function calls:
		Nothing
 This function is called by:
		_sprintf
 This function uses a non-reentrant model


 *************** function ___lldiv *****************
 Defined at:
		line 8 in file "C:\Program Files (x86)\Microchip\xc8\v1.33\sources\common\lldiv.c"
 Parameters:    Size  Location     Type
  dividend        4    0[COMRAM] unsigned long 
  divisor         4    4[COMRAM] unsigned long 
 Auto vars:     Size  Location     Type
  quotient        4    8[COMRAM] unsigned long 
  counter         1   12[COMRAM] unsigned char 
 Return value:  Size  Location     Type
                  4    0[COMRAM] unsigned long 
 Registers used:
		wreg, status,2, status,0
 Tracked objects:
		On entry : 
		On exit  : 
		Unchanged: 
 Data sizes:     COMRAM   BANK0   BANK1   BANK2   BANK3   BANK4   BANK5   BANK6   BANK7
      Params:         8       0       0       0       0       0       0       0       0
      Locals:         5       0       0       0       0       0       0       0       0
      Temps:          0       0       0       0       0       0       0       0       0
      Totals:        13       0       0       0       0       0       0       0       0
Total ram usage:       13 bytes
 Hardware stack levels used:    1
 This function calls:
		Nothing
 This function is called by:
		_sprintf
 This function uses a non-reentrant model


 *************** function ___fttol *****************
 Defined at:
		line 44 in file "C:\Program Files (x86)\Microchip\xc8\v1.33\sources\common\fttol.c"
 Parameters:    Size  Location     Type
  f1              3   42[COMRAM] float 
 Auto vars:     Size  Location     Type
  lval            4   52[COMRAM] unsigned long 
  exp1            1   56[COMRAM] unsigned char 
  sign1           1   51[COMRAM] unsigned char 
 Return value:  Size  Location     Type
                  4   42[COMRAM] long 
 Registers used:
		wreg, status,2, status,0
 Tracked objects:
		On entry : 
		On exit  : 
		Unchanged: 
 Data sizes:     COMRAM   BANK0   BANK1   BANK2   BANK3   BANK4   BANK5   BANK6   BANK7
      Params:         4       0       0       0       0       0       0       0       0
      Locals:         6       0       0       0       0       0       0       0       0
      Temps:          5       0       0       0       0       0       0       0       0
      Totals:        15       0       0       0       0       0       0       0       0
Total ram usage:       15 bytes
 Hardware stack levels used:    1
 This function calls:
		Nothing
 This function is called by:
		_sprintf
 This function uses a non-reentrant model


 *************** function ___ftsub *****************
 Defined at:
		line 20 in file "C:\Program Files (x86)\Microchip\xc8\v1.33\sources\common\ftsub.c"
 Parameters:    Size  Location     Type
  f1              3   57[COMRAM] float 
  f2              3   60[COMRAM] float 
 Auto vars:     Size  Location     Type
		None
 Return value:  Size  Location     Type
                  3   57[COMRAM] float 
 Registers used:
		wreg, status,2, status,0, cstack
 Tracked objects:
		On entry : 
		On exit  : 
		Unchanged: 
 Data sizes:     COMRAM   BANK0   BANK1   BANK2   BANK3   BANK4   BANK5   BANK6   BANK7
      Params:         6       0       0       0       0       0       0       0       0
      Locals:         0       0       0       0       0       0       0       0       0
      Temps:          0       0       0       0       0       0       0       0       0
      Totals:         6       0       0       0       0       0       0       0       0
Total ram usage:        6 bytes
 Hardware stack levels used:    1
 Hardware stack levels required when called:    2
 This function calls:
		___ftadd
 This function is called by:
		_sprintf
 This function uses a non-reentrant model


 *************** function ___ftadd *****************
 Defined at:
		line 86 in file "C:\Program Files (x86)\Microchip\xc8\v1.33\sources\common\ftadd.c"
 Parameters:    Size  Location     Type
  f1              3   45[COMRAM] float 
  f2              3   48[COMRAM] float 
 Auto vars:     Size  Location     Type
  exp1            1   56[COMRAM] unsigned char 
  exp2            1   55[COMRAM] unsigned char 
  sign            1   54[COMRAM] unsigned char 
 Return value:  Size  Location     Type
                  3   45[COMRAM] float 
 Registers used:
		wreg, status,2, status,0, cstack
 Tracked objects:
		On entry : 
		On exit  : 
		Unchanged: 
 Data sizes:     COMRAM   BANK0   BANK1   BANK2   BANK3   BANK4   BANK5   BANK6   BANK7
      Params:         6       0       0       0       0       0       0       0       0
      Locals:         3       0       0       0       0       0       0       0       0
      Temps:          3       0       0       0       0       0       0       0       0
      Totals:        12       0       0       0       0       0       0       0       0
Total ram usage:       12 bytes
 Hardware stack levels used:    1
 Hardware stack levels required when called:    1
 This function calls:
		___ftpack
 This function is called by:
		_sprintf
		___ftsub
 This function uses a non-reentrant model


 *************** function ___ftneg *****************
 Defined at:
		line 15 in file "C:\Program Files (x86)\Microchip\xc8\v1.33\sources\common\ftneg.c"
 Parameters:    Size  Location     Type
  f1              3    0[COMRAM] float 
 Auto vars:     Size  Location     Type
		None
 Return value:  Size  Location     Type
                  3    0[COMRAM] float 
 Registers used:
		wreg, status,2, status,0
 Tracked objects:
		On entry : 
		On exit  : 
		Unchanged: 
 Data sizes:     COMRAM   BANK0   BANK1   BANK2   BANK3   BANK4   BANK5   BANK6   BANK7
      Params:         3       0       0       0       0       0       0       0       0
      Locals:         0       0       0       0       0       0       0       0       0
      Temps:          0       0       0       0       0       0       0       0       0
      Totals:         3       0       0       0       0       0       0       0       0
Total ram usage:        3 bytes
 Hardware stack levels used:    1
 This function calls:
		Nothing
 This function is called by:
		_sprintf
 This function uses a non-reentrant model


 *************** function ___ftge *****************
 Defined at:
		line 4 in file "C:\Program Files (x86)\Microchip\xc8\v1.33\sources\common\ftge.c"
 Parameters:    Size  Location     Type
  ff1             3    0[COMRAM] float 
  ff2             3    3[COMRAM] float 
 Auto vars:     Size  Location     Type
		None
 Return value:  Size  Location     Type
		None               void
 Registers used:
		wreg, status,2, status,0
 Tracked objects:
		On entry : 
		On exit  : 
		Unchanged: 
 Data sizes:     COMRAM   BANK0   BANK1   BANK2   BANK3   BANK4   BANK5   BANK6   BANK7
      Params:         6       0       0       0       0       0       0       0       0
      Locals:         0       0       0       0       0       0       0       0       0
      Temps:          3       0       0       0       0       0       0       0       0
      Totals:         9       0       0       0       0       0       0       0       0
Total ram usage:        9 bytes
 Hardware stack levels used:    1
 This function calls:
		Nothing
 This function is called by:
		_sprintf
 This function uses a non-reentrant model


 *************** function ___awtoft *****************
 Defined at:
		line 32 in file "C:\Program Files (x86)\Microchip\xc8\v1.33\sources\common\awtoft.c"
 Parameters:    Size  Location     Type
  c               2    8[COMRAM] int 
 Auto vars:     Size  Location     Type
  sign            1   11[COMRAM] unsigned char 
 Return value:  Size  Location     Type
                  3    8[COMRAM] float 
 Registers used:
		wreg, status,2, status,0, prodl, cstack
 Tracked objects:
		On entry : 
		On exit  : 
		Unchanged: 
 Data sizes:     COMRAM   BANK0   BANK1   BANK2   BANK3   BANK4   BANK5   BANK6   BANK7
      Params:         3       0       0       0       0       0       0       0       0
      Locals:         1       0       0       0       0       0       0       0       0
      Temps:          0       0       0       0       0       0       0       0       0
      Totals:         4       0       0       0       0       0       0       0       0
Total ram usage:        4 bytes
 Hardware stack levels used:    1
 Hardware stack levels required when called:    1
 This function calls:
		___ftpack
 This function is called by:
		_getX
		_getY
		_getZ
 This function uses a non-reentrant model


 *************** function ___ftpack *****************
 Defined at:
		line 62 in file "C:\Program Files (x86)\Microchip\xc8\v1.33\sources\common\float.c"
 Parameters:    Size  Location     Type
  arg             3    0[COMRAM] unsigned um
  exp             1    3[COMRAM] unsigned char 
  sign            1    4[COMRAM] unsigned char 
 Auto vars:     Size  Location     Type
		None
 Return value:  Size  Location     Type
                  3    0[COMRAM] float 
 Registers used:
		wreg, status,2, status,0
 Tracked objects:
		On entry : 
		On exit  : 
		Unchanged: 
 Data sizes:     COMRAM   BANK0   BANK1   BANK2   BANK3   BANK4   BANK5   BANK6   BANK7
      Params:         5       0       0       0       0       0       0       0       0
      Locals:         0       0       0       0       0       0       0       0       0
      Temps:          3       0       0       0       0       0       0       0       0
      Totals:         8       0       0       0       0       0       0       0       0
Total ram usage:        8 bytes
 Hardware stack levels used:    1
 This function calls:
		Nothing
 This function is called by:
		___awtoft
		___ftadd
		___ftmul
		___lltoft
 This function uses a non-reentrant model


 *************** function _OpenI2C *****************
 Defined at:
		line 14 in file "C:\Program Files (x86)\Microchip\xc8\v1.33\sources\pic18\plib\i2c\i2c_open.c"
 Parameters:    Size  Location     Type
  sync_mode       1    wreg     unsigned char 
  slew            1    0[COMRAM] unsigned char 
 Auto vars:     Size  Location     Type
  sync_mode       1    1[COMRAM] unsigned char 
 Return value:  Size  Location     Type
		None               void
 Registers used:
		wreg, status,2, status,0
 Tracked objects:
		On entry : 
		On exit  : 
		Unchanged: 
 Data sizes:     COMRAM   BANK0   BANK1   BANK2   BANK3   BANK4   BANK5   BANK6   BANK7
      Params:         1       0       0       0       0       0       0       0       0
      Locals:         1       0       0       0       0       0       0       0       0
      Temps:          0       0       0       0       0       0       0       0       0
      Totals:         2       0       0       0       0       0       0       0       0
Total ram usage:        2 bytes
 Hardware stack levels used:    1
 This function calls:
		Nothing
 This function is called by:
		_main
 This function uses a non-reentrant model


 *************** function _LcdText *****************
 Defined at:
		line 123 in file "hd44780.h"
 Parameters:    Size  Location     Type
  x               1    wreg     unsigned char 
  y               1   80[COMRAM] unsigned char 
  text            2   81[COMRAM] PTR const unsigned char 
		 -> STR_9(4), STR_8(4), STR_7(4), STR_6(14), 
		 -> STR_5(5), STR_4(8), getZ@z(10), getY@y(10), 
		 -> getX@x(10), 
 Auto vars:     Size  Location     Type
  x               1   86[COMRAM] unsigned char 
  i               2   87[COMRAM] int 
 Return value:  Size  Location     Type
		None               void
 Registers used:
		wreg, fsr1l, fsr1h, status,2, status,0, tblptrl, tblptrh, tblptru, cstack
 Tracked objects:
		On entry : 
		On exit  : 
		Unchanged: 
 Data sizes:     COMRAM   BANK0   BANK1   BANK2   BANK3   BANK4   BANK5   BANK6   BANK7
      Params:         3       0       0       0       0       0       0       0       0
      Locals:         3       0       0       0       0       0       0       0       0
      Temps:          3       0       0       0       0       0       0       0       0
      Totals:         9       0       0       0       0       0       0       0       0
Total ram usage:        9 bytes
 Hardware stack levels used:    1
 Hardware stack levels required when called:    1
 This function calls:
		_LcdCmd
		_LcdData
 This function is called by:
		_main
 This function uses a non-reentrant model


 *************** function _LcdData *****************
 Defined at:
		line 104 in file "hd44780.h"
 Parameters:    Size  Location     Type
  data            1    wreg     const unsigned char 
 Auto vars:     Size  Location     Type
  data            1    2[COMRAM] const unsigned char 
 Return value:  Size  Location     Type
		None               void
 Registers used:
		wreg, status,2, status,0
 Tracked objects:
		On entry : 
		On exit  : 
		Unchanged: 
 Data sizes:     COMRAM   BANK0   BANK1   BANK2   BANK3   BANK4   BANK5   BANK6   BANK7
      Params:         0       0       0       0       0       0       0       0       0
      Locals:         1       0       0       0       0       0       0       0       0
      Temps:          2       0       0       0       0       0       0       0       0
      Totals:         3       0       0       0       0       0       0       0       0
Total ram usage:        3 bytes
 Hardware stack levels used:    1
 This function calls:
		Nothing
 This function is called by:
		_LcdText
		_znaki_pl_i_stopien
 This function uses a non-reentrant model


 *************** function _LcdCmd *****************
 Defined at:
		line 85 in file "hd44780.h"
 Parameters:    Size  Location     Type
  command         1    wreg     unsigned char 
 Auto vars:     Size  Location     Type
  command         1    2[COMRAM] unsigned char 
 Return value:  Size  Location     Type
		None               void
 Registers used:
		wreg, status,2, status,0
 Tracked objects:
		On entry : 
		On exit  : 
		Unchanged: 
 Data sizes:     COMRAM   BANK0   BANK1   BANK2   BANK3   BANK4   BANK5   BANK6   BANK7
      Params:         0       0       0       0       0       0       0       0       0
      Locals:         1       0       0       0       0       0       0       0       0
      Temps:          2       0       0       0       0       0       0       0       0
      Totals:         3       0       0       0       0       0       0       0       0
Total ram usage:        3 bytes
 Hardware stack levels used:    1
 This function calls:
		Nothing
 This function is called by:
		_LcdText
		_main
		_LcdClr
		_SetCursor
		_znaki_pl_i_stopien
 This function uses a non-reentrant model


 *************** function _Init_lcd *****************
 Defined at:
		line 52 in file "hd44780.h"
 Parameters:    Size  Location     Type
		None
 Auto vars:     Size  Location     Type
		None
 Return value:  Size  Location     Type
		None               void
 Registers used:
		wreg
 Tracked objects:
		On entry : 
		On exit  : 
		Unchanged: 
 Data sizes:     COMRAM   BANK0   BANK1   BANK2   BANK3   BANK4   BANK5   BANK6   BANK7
      Params:         0       0       0       0       0       0       0       0       0
      Locals:         0       0       0       0       0       0       0       0       0
      Temps:          1       0       0       0       0       0       0       0       0
      Totals:         1       0       0       0       0       0       0       0       0
Total ram usage:        1 bytes
 Hardware stack levels used:    1
 This function calls:
		Nothing
 This function is called by:
		_main
 This function uses a non-reentrant model


 *************** function _Init_adxl345 *****************
 Defined at:
		line 83 in file "adxl345_i2c.h"
 Parameters:    Size  Location     Type
  x_offset        1    wreg     char 
  y_offset        1    9[COMRAM] char 
  z_offset        1   10[COMRAM] char 
  range           1   11[COMRAM] char 
  data_rate       1   12[COMRAM] unsigned char 
 Auto vars:     Size  Location     Type
  x_offset        1   14[COMRAM] char 
 Return value:  Size  Location     Type
		None               void
 Registers used:
		wreg, status,2, status,0, cstack
 Tracked objects:
		On entry : 
		On exit  : 
		Unchanged: 
 Data sizes:     COMRAM   BANK0   BANK1   BANK2   BANK3   BANK4   BANK5   BANK6   BANK7
      Params:         4       0       0       0       0       0       0       0       0
      Locals:         1       0       0       0       0       0       0       0       0
      Temps:          1       0       0       0       0       0       0       0       0
      Totals:         6       0       0       0       0       0       0       0       0
Total ram usage:        6 bytes
 Hardware stack levels used:    1
 Hardware stack levels required when called:    4
 This function calls:
		_adxl345Write
		_setRange
 This function is called by:
		_main
 This function uses a non-reentrant model


 *************** function _setRange *****************
 Defined at:
		line 98 in file "adxl345_i2c.h"
 Parameters:    Size  Location     Type
  range           1    wreg     unsigned char 
 Auto vars:     Size  Location     Type
  range           1    7[COMRAM] unsigned char 
  format          1    8[COMRAM] unsigned char 
 Return value:  Size  Location     Type
		None               void
 Registers used:
		wreg, status,2, status,0, cstack
 Tracked objects:
		On entry : 
		On exit  : 
		Unchanged: 
 Data sizes:     COMRAM   BANK0   BANK1   BANK2   BANK3   BANK4   BANK5   BANK6   BANK7
      Params:         0       0       0       0       0       0       0       0       0
      Locals:         2       0       0       0       0       0       0       0       0
      Temps:          0       0       0       0       0       0       0       0       0
      Totals:         2       0       0       0       0       0       0       0       0
Total ram usage:        2 bytes
 Hardware stack levels used:    1
 Hardware stack levels required when called:    3
 This function calls:
		_adxl345Read
		_adxl345Write
 This function is called by:
		_Init_adxl345
 This function uses a non-reentrant model


 *************** function _adxl345Write *****************
 Defined at:
		line 47 in file "adxl345_i2c.h"
 Parameters:    Size  Location     Type
  add             2    3[COMRAM] int 
  data            2    5[COMRAM] int 
 Auto vars:     Size  Location     Type
		None
 Return value:  Size  Location     Type
		None               void
 Registers used:
		wreg, status,2, status,0, cstack
 Tracked objects:
		On entry : 
		On exit  : 
		Unchanged: 
 Data sizes:     COMRAM   BANK0   BANK1   BANK2   BANK3   BANK4   BANK5   BANK6   BANK7
      Params:         4       0       0       0       0       0       0       0       0
      Locals:         0       0       0       0       0       0       0       0       0
      Temps:          0       0       0       0       0       0       0       0       0
      Totals:         4       0       0       0       0       0       0       0       0
Total ram usage:        4 bytes
 Hardware stack levels used:    1
 Hardware stack levels required when called:    2
 This function calls:
		_IdleI2C
		_WriteI2C
 This function is called by:
		_Init_adxl345
		_setRange
 This function uses a non-reentrant model


 *************** function _adxl345Read *****************
 Defined at:
		line 62 in file "adxl345_i2c.h"
 Parameters:    Size  Location     Type
  add             2    3[COMRAM] int 
 Auto vars:     Size  Location     Type
  retval          1    5[COMRAM] unsigned char 
 Return value:  Size  Location     Type
                  1    wreg      unsigned char 
 Registers used:
		wreg, status,2, status,0, cstack
 Tracked objects:
		On entry : 
		On exit  : 
		Unchanged: 
 Data sizes:     COMRAM   BANK0   BANK1   BANK2   BANK3   BANK4   BANK5   BANK6   BANK7
      Params:         2       0       0       0       0       0       0       0       0
      Locals:         1       0       0       0       0       0       0       0       0
      Temps:          0       0       0       0       0       0       0       0       0
      Totals:         3       0       0       0       0       0       0       0       0
Total ram usage:        3 bytes
 Hardware stack levels used:    1
 Hardware stack levels required when called:    2
 This function calls:
		_IdleI2C
		_ReadI2C
		_WriteI2C
 This function is called by:
		_setRange
		_getX
		_getY
		_getZ
 This function uses a non-reentrant model


 *************** function _WriteI2C *****************
 Defined at:
		line 12 in file "C:\Program Files (x86)\Microchip\xc8\v1.33\sources\pic18\plib\i2c\i2c_writ.c"
 Parameters:    Size  Location     Type
  data_out        1    wreg     unsigned char 
 Auto vars:     Size  Location     Type
  data_out        1    2[COMRAM] unsigned char 
 Return value:  Size  Location     Type
                  1    wreg      char 
 Registers used:
		wreg, status,2, status,0, cstack
 Tracked objects:
		On entry : 
		On exit  : 
		Unchanged: 
 Data sizes:     COMRAM   BANK0   BANK1   BANK2   BANK3   BANK4   BANK5   BANK6   BANK7
      Params:         0       0       0       0       0       0       0       0       0
      Locals:         1       0       0       0       0       0       0       0       0
      Temps:          1       0       0       0       0       0       0       0       0
      Totals:         2       0       0       0       0       0       0       0       0
Total ram usage:        2 bytes
 Hardware stack levels used:    1
 Hardware stack levels required when called:    1
 This function calls:
		_IdleI2C
 This function is called by:
		_adxl345Write
		_adxl345Read
 This function uses a non-reentrant model


 *************** function _IdleI2C *****************
 Defined at:
		line 24 in file "C:\Program Files (x86)\Microchip\xc8\v1.33\sources\pic18\plib\i2c\i2c_idle.c"
 Parameters:    Size  Location     Type
		None
 Auto vars:     Size  Location     Type
		None
 Return value:  Size  Location     Type
		None               void
 Registers used:
		wreg, status,2, status,0
 Tracked objects:
		On entry : 
		On exit  : 
		Unchanged: 
 Data sizes:     COMRAM   BANK0   BANK1   BANK2   BANK3   BANK4   BANK5   BANK6   BANK7
      Params:         0       0       0       0       0       0       0       0       0
      Locals:         0       0       0       0       0       0       0       0       0
      Temps:          1       0       0       0       0       0       0       0       0
      Totals:         1       0       0       0       0       0       0       0       0
Total ram usage:        1 bytes
 Hardware stack levels used:    1
 This function calls:
		Nothing
 This function is called by:
		_adxl345Write
		_adxl345Read
		_WriteI2C
 This function uses a non-reentrant model


 *************** function _ReadI2C *****************
 Defined at:
		line 11 in file "C:\Program Files (x86)\Microchip\xc8\v1.33\sources\pic18\plib\i2c\i2c_read.c"
 Parameters:    Size  Location     Type
		None
 Auto vars:     Size  Location     Type
		None
 Return value:  Size  Location     Type
                  1    wreg      unsigned char 
 Registers used:
		wreg, status,2, status,0
 Tracked objects:
		On entry : 
		On exit  : 
		Unchanged: 
 Data sizes:     COMRAM   BANK0   BANK1   BANK2   BANK3   BANK4   BANK5   BANK6   BANK7
      Params:         0       0       0       0       0       0       0       0       0
      Locals:         0       0       0       0       0       0       0       0       0
      Temps:          1       0       0       0       0       0       0       0       0
      Totals:         1       0       0       0       0       0       0       0       0
Total ram usage:        1 bytes
 Hardware stack levels used:    1
 This function calls:
		Nothing
 This function is called by:
		_adxl345Read
 This function uses a non-reentrant model



MODULE INFORMATION

Module		Function		Class		Link	Load	Size
C:\Program Files (x86)\Microchip\xc8\v1.33\sources\common\ftneg.c
		___ftneg       		CODE           	2938	0000	38

C:\Program Files (x86)\Microchip\xc8\v1.33\sources\common\ftneg.c estimated size: 38

C:\Program Files (x86)\Microchip\xc8\v1.33\sources\common\ftge.c
		___ftge        		CODE           	24E8	0000	144

C:\Program Files (x86)\Microchip\xc8\v1.33\sources\common\ftge.c estimated size: 144

C:\Program Files (x86)\Microchip\xc8\v1.33\sources\common\doprnt.c
		_scale         		CODE           	10B0	0000	974
		_sprintf       		CODE           	0898	0000	2072
		_fround        		CODE           	147E	0000	570

C:\Program Files (x86)\Microchip\xc8\v1.33\sources\common\doprnt.c estimated size: 3616

C:\Program Files (x86)\Microchip\xc8\v1.33\sources\common\ftsub.c
		___ftsub       		CODE           	27F2	0000	54

C:\Program Files (x86)\Microchip\xc8\v1.33\sources\common\ftsub.c estimated size: 54

C:\Program Files (x86)\Microchip\xc8\v1.33\sources\common\float.c
		___ftpack      		CODE           	2120	0000	168

C:\Program Files (x86)\Microchip\xc8\v1.33\sources\common\float.c estimated size: 168

C:\Program Files (x86)\Microchip\xc8\v1.33\sources\common\ftdivl.c
		__tdiv_to_l_   		CODE           	1CF6	0000	256

C:\Program Files (x86)\Microchip\xc8\v1.33\sources\common\ftdivl.c estimated size: 256

C:\Program Files (x86)\Microchip\xc8\v1.33\sources\common\awmod.c
		___awmod       		CODE           	2458	0000	144

C:\Program Files (x86)\Microchip\xc8\v1.33\sources\common\awmod.c estimated size: 144

C:\Program Files (x86)\Microchip\xc8\v1.33\sources\common\Umul16.c
		___wmul        		CODE           	2912	0000	38

C:\Program Files (x86)\Microchip\xc8\v1.33\sources\common\Umul16.c estimated size: 38

C:\Program Files (x86)\Microchip\xc8\v1.33\sources\common\llmod.c
		___llmod       		CODE           	25FA	0000	102

C:\Program Files (x86)\Microchip\xc8\v1.33\sources\common\llmod.c estimated size: 102

C:\Program Files (x86)\Microchip\xc8\v1.33\sources\common\ftmul.c
		___ftmul       		CODE           	1DF6	0000	228

C:\Program Files (x86)\Microchip\xc8\v1.33\sources\common\ftmul.c estimated size: 228

C:\Program Files (x86)\Microchip\xc8\v1.33\sources\pic18\plib\i2c\i2c_open.c
		_OpenI2C       		CODE           	297E	0000	30

C:\Program Files (x86)\Microchip\xc8\v1.33\sources\pic18\plib\i2c\i2c_open.c estimated size: 30

C:\Program Files (x86)\Microchip\xc8\v1.33\sources\common\fldivl.c
		__div_to_l_    		CODE           	19AE	0000	310

C:\Program Files (x86)\Microchip\xc8\v1.33\sources\common\fldivl.c estimated size: 310

C:\Program Files (x86)\Microchip\xc8\v1.33\sources\common\awdiv.c
		___awdiv       		CODE           	23B4	0000	164

C:\Program Files (x86)\Microchip\xc8\v1.33\sources\common\awdiv.c estimated size: 164

C:\Program Files (x86)\Microchip\xc8\v1.33\sources\pic18\plib\i2c\i2c_writ.c
		_WriteI2C      		CODE           	2660	0000	100

C:\Program Files (x86)\Microchip\xc8\v1.33\sources\pic18\plib\i2c\i2c_writ.c estimated size: 100

C:\Program Files (x86)\Microchip\xc8\v1.33\sources\common\lldiv.c
		___lldiv       		CODE           	2578	0000	130

C:\Program Files (x86)\Microchip\xc8\v1.33\sources\common\lldiv.c estimated size: 130

shared
		__stringdata   		SMALLCONST     	0877	0000	31
		__powers_      		SMALLCONST     	0850	0000	39
		_dpowers       		SMALLCONST     	0801	0000	40
		__npowers_     		SMALLCONST     	0829	0000	39
		__initializatio		CODE           	28C0	0000	32

shared estimated size: 181

adxl345_i2c.h
		_getZ          		CODE           	21C8	0000	164
		_Init_adxl345  		CODE           	1FAE	0000	198
		_adxl345Read   		CODE           	2720	0000	74
		_adxl345Write  		CODE           	285E	0000	52
		_getX          		CODE           	2310	0000	164
		_setRange      		CODE           	2892	0000	46
		_getY          		CODE           	226C	0000	164

adxl345_i2c.h estimated size: 862

C:\Program Files (x86)\Microchip\xc8\v1.33\sources\common\fttol.c
		___fttol       		CODE           	1EDA	0000	212

C:\Program Files (x86)\Microchip\xc8\v1.33\sources\common\fttol.c estimated size: 212

C:\Program Files (x86)\Microchip\xc8\v1.33\sources\common\awtoft.c
		___awtoft      		CODE           	276A	0000	72

C:\Program Files (x86)\Microchip\xc8\v1.33\sources\common\awtoft.c estimated size: 72

C:\Program Files (x86)\Microchip\xc8\v1.33\sources\pic18\plib\i2c\i2c_read.c
		_ReadI2C       		CODE           	28EA	0000	40

C:\Program Files (x86)\Microchip\xc8\v1.33\sources\pic18\plib\i2c\i2c_read.c estimated size: 40

hd44780.h
		_LcdCmd        		CODE           	1BEE	0000	264
		_Init_lcd      		CODE           	2828	0000	54
		_LcdData       		CODE           	1AE4	0000	266
		_LcdText       		CODE           	2074	0000	172

hd44780.h estimated size: 756

C:\Program Files (x86)\Microchip\xc8\v1.33\sources\common\ftadd.c
		___ftadd       		CODE           	16B8	0000	428

C:\Program Files (x86)\Microchip\xc8\v1.33\sources\common\ftadd.c estimated size: 428

C:\Program Files (x86)\Microchip\xc8\v1.33\sources\pic18\plib\i2c\i2c_idle.c
		_IdleI2C       		CODE           	299C	0000	16

C:\Program Files (x86)\Microchip\xc8\v1.33\sources\pic18\plib\i2c\i2c_idle.c estimated size: 16

main.c
		_main          		CODE           	1864	0000	330

main.c estimated size: 330

C:\Program Files (x86)\Microchip\xc8\v1.33\sources\common\lltoft.c
		___lltoft      		CODE           	26C4	0000	92

C:\Program Files (x86)\Microchip\xc8\v1.33\sources\common\lltoft.c estimated size: 92

C:\Program Files (x86)\Microchip\xc8\v1.33\sources\common\isdigit.c
		_isdigit       		CODE           	295E	0000	32

C:\Program Files (x86)\Microchip\xc8\v1.33\sources\common\isdigit.c estimated size: 32

